# name: test_extract_ev_charging_events
  list([
    dict({
      'address': 'Am Born 6B, 22765 Hamburg',
      'lat': 53.55308,
      'lon': 9.9266,
      'status': 'charging',
      'timestamp': '2022-05-17T17:26:35.610Z',
    }),
    dict({
      'address': 'Bei der Johanniskirche 16, 22767 Hamburg',
      'lat': 53.55989,
      'lon': 9.95406,
      'status': 'available',
      'timestamp': '2022-05-17T16:23:35.516Z',
    }),
    dict({
      'address': 'Hühnerposten 14, 20097 Hamburg',
      'lat': 53.5498,
      'lon': 10.00964,
      'status': 'available',
      'timestamp': '2022-05-17T10:10:41.418Z',
    }),
    dict({
      'address': 'Falkentaler Weg 4, 22587 Hamburg',
      'lat': 53.55993,
      'lon': 9.79076,
      'status': 'available',
      'timestamp': '2022-05-17T10:36:07.184Z',
    }),
    dict({
      'address': 'Großmoorring 11, 21079 Hamburg',
      'lat': 53.45709,
      'lon': 10.00606,
      'status': 'available',
      'timestamp': '2022-05-17T14:58:47.338Z',
    }),
    dict({
      'address': 'Gertigstraße 64, 22303 Hamburg',
      'lat': 53.582853,
      'lon': 10.018196,
      'status': 'charging',
      'timestamp': '2022-05-17T16:29:34.724Z',
    }),
    dict({
      'address': 'Bornstraße 18, 20146 Hamburg',
      'lat': 53.568175,
      'lon': 9.981787,
      'status': 'available',
      'timestamp': '2022-05-16T22:18:33.561Z',
    }),
    dict({
      'address': 'Dithmarscher Straße 9, 22049 Hamburg',
      'lat': 53.5773,
      'lon': 10.05948,
      'status': 'outoforder',
      'timestamp': '2022-01-17T17:31:33.409Z',
    }),
    dict({
      'address': 'Luruper Hauptstraße 138, 22547 Hamburg',
      'lat': 53.591702,
      'lon': 9.872562,
      'status': 'available',
      'timestamp': '2022-05-16T22:32:48.024Z',
    }),
    dict({
      'address': 'Dehnhaide 111, 22081 Hamburg',
      'lat': 53.57909,
      'lon': 10.05152,
      'status': 'available',
      'timestamp': '2022-05-17T14:14:31.485Z',
    }),
    dict({
      'address': 'Schinkelstraße 1, 22303 Hamburg',
      'lat': 53.581918,
      'lon': 10.01352,
      'status': 'charging',
      'timestamp': '2022-05-17T16:48:56.482Z',
    }),
    dict({
      'address': 'Heinrich-Barth-Straße 18, 20146 Hamburg',
      'lat': 53.57139,
      'lon': 9.98122,
      'status': 'available',
      'timestamp': '2022-05-17T15:15:17.777Z',
    }),
    dict({
      'address': 'Düppelstraße 23, 22769 Hamburg',
      'lat': 53.564417,
      'lon': 9.947559,
      'status': 'available',
      'timestamp': '2022-05-17T03:53:48.312Z',
    }),
    dict({
      'address': 'Heegbarg 12, 22391 Hamburg',
      'lat': 53.65365,
      'lon': 10.09258,
      'status': 'available',
      'timestamp': '2022-05-17T17:01:49.300Z',
    }),
    dict({
      'address': 'Bartelsstraße 41, 20357 Hamburg',
      'lat': 53.56241,
      'lon': 9.96418,
      'status': 'charging',
      'timestamp': '2022-05-17T10:07:39.743Z',
    }),
    dict({
      'address': 'Oelkersallee 1, 22769 Hamburg',
      'lat': 53.56183,
      'lon': 9.95388,
      'status': 'available',
      'timestamp': '2022-05-17T07:23:35.500Z',
    }),
    dict({
      'address': 'Löwenstraße 20, 20251 Hamburg',
      'lat': 53.58378,
      'lon': 9.97836,
      'status': 'charging',
      'timestamp': '2022-05-16T19:04:14.941Z',
    }),
    dict({
      'address': 'Eppendorfer Weg 86, 20259 Hamburg',
      'lat': 53.57424,
      'lon': 9.96188,
      'status': 'outoforder',
      'timestamp': '2022-01-13T16:46:43.200Z',
    }),
    dict({
      'address': 'Grasweg 6, 22299 Hamburg',
      'lat': 53.59282,
      'lon': 10.00215,
      'status': 'outoforder',
      'timestamp': '2021-04-21T11:29:59.066Z',
    }),
    dict({
      'address': 'Öjendorfer Damm 60, 22043 Hamburg',
      'lat': 53.5718,
      'lon': 10.13653,
      'status': 'charging',
      'timestamp': '2022-05-17T17:20:12.265Z',
    }),
    dict({
      'address': 'Volksdorfer Damm 252, 22395 Hamburg',
      'lat': 53.67102,
      'lon': 10.12931,
      'status': 'available',
      'timestamp': '2022-05-17T12:45:41.617Z',
    }),
    dict({
      'address': 'Jütländer Allee 47, 22527 Hamburg',
      'lat': 53.6,
      'lon': 9.92848,
      'status': 'available',
      'timestamp': '2022-05-17T13:58:37.947Z',
    }),
    dict({
      'address': 'Tondernstraße 24, 20564 Hamburg',
      'lat': 53.587491,
      'lon': 10.064361,
      'status': 'available',
      'timestamp': '2022-05-17T12:59:39.761Z',
    }),
    dict({
      'address': 'Hohenesch 50, 22765 Hamburg',
      'lat': 53.554339,
      'lon': 9.930795,
      'status': 'available',
      'timestamp': '2022-05-17T15:30:53.247Z',
    }),
    dict({
      'address': 'Mühlendamm 29, 22087 Hamburg',
      'lat': 53.561396,
      'lon': 10.025129,
      'status': 'charging',
      'timestamp': '2022-05-17T17:30:33.045Z',
    }),
    dict({
      'address': 'Neumann-Reichard-Straße 22, 22041 Hamburg',
      'lat': 53.57273,
      'lon': 10.07915,
      'status': 'available',
      'timestamp': '2022-05-17T15:10:09.633Z',
    }),
    dict({
      'address': 'Rathausstraße 6, 20095 Hamburg',
      'lat': 53.549964,
      'lon': 9.994737,
      'status': 'available',
      'timestamp': '2022-05-17T16:11:07.521Z',
    }),
    dict({
      'address': 'Heilwigstraße 2, 20249 Hamburg',
      'lat': 53.580799,
      'lon': 9.996298,
      'status': 'available',
      'timestamp': '2022-05-17T06:40:15.458Z',
    }),
    dict({
      'address': 'Saseler Chaussee 109, 22393 Hamburg',
      'lat': 53.644017,
      'lon': 10.09984,
      'status': 'available',
      'timestamp': '2022-05-17T16:13:40.210Z',
    }),
    dict({
      'address': 'Finkenau 11, 22081 Hamburg',
      'lat': 53.57045,
      'lon': 10.03116,
      'status': 'outoforder',
      'timestamp': '2021-08-23T08:57:41.822Z',
    }),
    dict({
      'address': 'Kantstraße 4, 22089 Hamburg',
      'lat': 53.56909,
      'lon': 10.05361,
      'status': 'outoforder',
      'timestamp': '2021-12-25T08:21:34.665Z',
    }),
    dict({
      'address': 'Überseering 10, 22297 Hamburg',
      'lat': 53.604371,
      'lon': 10.026856,
      'status': 'charging',
      'timestamp': '2022-05-17T16:04:10.936Z',
    }),
    dict({
      'address': 'Tibarg 24, 22459 Hamburg',
      'lat': 53.61896,
      'lon': 9.95122,
      'status': 'outoforder',
      'timestamp': '2022-03-26T11:55:11.590Z',
    }),
    dict({
      'address': 'Essener Bogen 1, 22419 Hamburg',
      'lat': 53.674787,
      'lon': 9.996345,
      'status': 'available',
      'timestamp': '2022-05-17T14:53:01.578Z',
    }),
    dict({
      'address': 'Esmarchstraße 51, 22767 Hamburg',
      'lat': 53.55422,
      'lon': 9.94347,
      'status': 'charging',
      'timestamp': '2022-05-17T17:06:25.518Z',
    }),
    dict({
      'address': 'Brauerknechtgraben 55, 22459 Hamburg',
      'lat': 53.546024,
      'lon': 9.97634,
      'status': 'charging',
      'timestamp': '2022-05-17T15:59:07.576Z',
    }),
    dict({
      'address': 'Stormarnplatz 1, 22393 Hamburg',
      'lat': 53.651655,
      'lon': 10.094765,
      'status': 'charging',
      'timestamp': '2022-05-17T16:54:08.255Z',
    }),
    dict({
      'address': 'Rahlstedter Straße 154, 22143 Hamburg',
      'lat': 53.60436,
      'lon': 10.16062,
      'status': 'available',
      'timestamp': '2022-05-17T17:25:39.734Z',
    }),
    dict({
      'address': 'Nedderfeld 80, 22529 Hamburg',
      'lat': 53.60157,
      'lon': 9.97556,
      'status': 'charging',
      'timestamp': '2022-05-17T16:12:01.424Z',
    }),
    dict({
      'address': 'Großer Schippsee 18, 21073 Hamburg',
      'lat': 53.460619,
      'lon': 9.98337,
      'status': 'available',
      'timestamp': '2022-05-17T14:41:06.873Z',
    }),
    dict({
      'address': 'Frankenstraße 35, 20097 Hamburg',
      'lat': 53.549576,
      'lon': 10.026147,
      'status': 'available',
      'timestamp': '2022-05-17T13:13:06.633Z',
    }),
    dict({
      'address': 'Veringstraße 173, 21107 Hamburg',
      'lat': 53.50427,
      'lon': 9.98539,
      'status': 'outoforder',
      'timestamp': '2021-11-19T12:02:52.561Z',
    }),
    dict({
      'address': 'Holstenstraße 156, 20535 Hamburg',
      'lat': 53.559071,
      'lon': 9.94859,
      'status': 'available',
      'timestamp': '2022-05-17T16:29:06.465Z',
    }),
    dict({
      'address': 'Schubackstraße 4, 20251 Hamburg',
      'lat': 53.596439,
      'lon': 9.987231,
      'status': 'charging',
      'timestamp': '2022-05-17T17:32:53.958Z',
    }),
    dict({
      'address': 'Alsterdorfer Straße 65, 22299 Hamburg',
      'lat': 53.598445,
      'lon': 9.99678,
      'status': 'available',
      'timestamp': '2022-04-25T06:15:13.252Z',
    }),
    dict({
      'address': 'Wallgraben 46, 21073 Hamburg',
      'lat': 53.46371,
      'lon': 9.97891,
      'status': 'charging',
      'timestamp': '2022-05-17T16:21:46.366Z',
    }),
    dict({
      'address': 'Falckweg 3, 22605 Hamburg',
      'lat': 53.55798,
      'lon': 9.88678,
      'status': 'available',
      'timestamp': '2022-05-17T12:06:27.698Z',
    }),
    dict({
      'address': 'E-Ladesäule',
      'lat': 53.58102,
      'lon': 9.93872,
      'status': 'charging',
      'timestamp': '2022-05-17T17:27:17.017Z',
    }),
    dict({
      'address': 'Harvighorster Weg 2, 21031 Hamburg',
      'lat': 53.51413,
      'lon': 10.21144,
      'status': 'charging',
      'timestamp': '2022-05-17T13:58:22.867Z',
    }),
    dict({
      'address': 'Norderstraße 141, 20097 Hamburg',
      'lat': 53.550582,
      'lon': 10.017192,
      'status': 'charging',
      'timestamp': '2022-05-17T16:57:41.230Z',
    }),
    dict({
      'address': 'Barmbeker Straße 62, 22303 Hamburg',
      'lat': 53.58841,
      'lon': 10.01653,
      'status': 'charging',
      'timestamp': '2022-05-17T17:19:02.897Z',
    }),
    dict({
      'address': 'Gilbertstraße 63, 22767 Hamburg',
      'lat': 53.555,
      'lon': 9.95572,
      'status': 'charging',
      'timestamp': '2022-05-17T17:07:20.887Z',
    }),
    dict({
      'address': 'Lohbrügger Landstraße 73A, 21031 Hamburg',
      'lat': 53.50053,
      'lon': 10.19892,
      'status': 'available',
      'timestamp': '2022-05-17T12:29:02.667Z',
    }),
    dict({
      'address': 'Bornheide 10, 22549 Hamburg',
      'lat': 53.584031,
      'lon': 9.854263,
      'status': 'charging',
      'timestamp': '2022-05-17T10:36:06.070Z',
    }),
    dict({
      'address': 'Rahel-Varnhagen-Weg 38, 21035 Hamburg',
      'lat': 53.48683,
      'lon': 10.17926,
      'status': 'available',
      'timestamp': '2022-05-17T16:40:15.688Z',
    }),
    dict({
      'address': 'Roßberg 2, 22089 Hamburg',
      'lat': 53.56783,
      'lon': 10.04944,
      'status': 'available',
      'timestamp': '2022-05-17T09:42:32.160Z',
    }),
    dict({
      'address': 'Eißendorfer Straße 189, 21073 Hamburg',
      'lat': 53.45597,
      'lon': 9.95613,
      'status': 'available',
      'timestamp': '2022-05-16T18:37:26.110Z',
    }),
    dict({
      'address': 'Blankeneser Bahnhofstraße 4, 22587 Hamburg',
      'lat': 53.558932,
      'lon': 9.811458,
      'status': 'charging',
      'timestamp': '2022-05-17T16:11:29.595Z',
    }),
    dict({
      'address': 'Rothenbaumchaussee 60, 20148 Hamburg',
      'lat': 53.5677,
      'lon': 9.98859,
      'status': 'outoforder',
      'timestamp': '2021-06-14T08:39:36.440Z',
    }),
    dict({
      'address': 'Kurt-A.-Körber-Chaussee 35, 21033 Hamburg',
      'lat': 53.48884,
      'lon': 10.19757,
      'status': 'available',
      'timestamp': '2022-05-17T08:50:39.057Z',
    }),
    dict({
      'address': 'Papenhuderstr. 33, 22087 Hamburg',
      'lat': 53.56698,
      'lon': 10.01895,
      'status': 'charging',
      'timestamp': '2022-05-17T16:07:55.820Z',
    }),
    dict({
      'address': 'Kümmellstraße 5, 20249 Hamburg',
      'lat': 53.590221,
      'lon': 9.985175,
      'status': 'available',
      'timestamp': '2022-05-17T17:18:14.140Z',
    }),
    dict({
      'address': 'Garstedter Weg 2, 25474 Hamburg',
      'lat': 53.617892,
      'lon': 9.951152,
      'status': 'charging',
      'timestamp': '2022-03-29T06:20:03.405Z',
    }),
    dict({
      'address': 'Bogenstraße 13, 20144 Hamburg',
      'lat': 53.5721,
      'lon': 9.97617,
      'status': 'charging',
      'timestamp': '2022-05-17T16:58:20.067Z',
    }),
    dict({
      'address': 'Krochmannstraße 53, 22297 Hamburg',
      'lat': 53.601548,
      'lon': 10.002819,
      'status': 'charging',
      'timestamp': '2022-05-17T17:33:30.238Z',
    }),
    dict({
      'address': 'Von-der-Tann-Straße 9, 20259 Hamburg',
      'lat': 53.571906,
      'lon': 9.96071,
      'status': 'charging',
      'timestamp': '2022-02-28T18:55:31.494Z',
    }),
    dict({
      'address': 'Beethovenstraße 68, 22083 Hamburg',
      'lat': 53.579226,
      'lon': 10.031267,
      'status': 'available',
      'timestamp': '2022-05-17T17:21:37.331Z',
    }),
    dict({
      'address': 'Schnackenburgallee 153, 22525 Hamburg',
      'lat': 53.591269,
      'lon': 9.904259,
      'status': 'available',
      'timestamp': '2022-05-17T12:41:51.619Z',
    }),
    dict({
      'address': 'Holstenplatz 14, 22765 Hamburg',
      'lat': 53.561321,
      'lon': 9.94848,
      'status': 'available',
      'timestamp': '2022-05-16T18:43:58.557Z',
    }),
    dict({
      'address': 'Heidrehmen 27, 22589 Hamburg',
      'lat': 53.576412,
      'lon': 9.813505,
      'status': 'available',
      'timestamp': '2022-05-14T21:55:16.466Z',
    }),
    dict({
      'address': 'Wandsbeker Königstraße 11, 22041 Hamburg',
      'lat': 53.572171,
      'lon': 10.064295,
      'status': 'available',
      'timestamp': '2022-05-17T16:39:01.783Z',
    }),
    dict({
      'address': 'Ekenknick 3, 22523 Hamburg',
      'lat': 53.60785,
      'lon': 9.90304,
      'status': 'charging',
      'timestamp': '2022-05-17T17:01:05.205Z',
    }),
    dict({
      'address': 'Museumstraße 23, 22765 Hamburg',
      'lat': 53.54922,
      'lon': 9.9348,
      'status': 'charging',
      'timestamp': '2022-05-17T16:36:41.181Z',
    }),
    dict({
      'address': 'Jacobsenweg 4, 22525 Hamburg',
      'lat': 53.595677,
      'lon': 9.91347,
      'status': 'available',
      'timestamp': '2022-05-17T13:33:45.998Z',
    }),
    dict({
      'address': 'Schleestraße 5, 22767 Hamburg',
      'lat': 53.547203,
      'lon': 9.945393,
      'status': 'available',
      'timestamp': '2022-05-16T20:58:22.309Z',
    }),
    dict({
      'address': 'Eichenstraße 90, 20255 Hamburg',
      'lat': 53.57791,
      'lon': 9.95332,
      'status': 'available',
      'timestamp': '2022-05-17T17:14:57.844Z',
    }),
    dict({
      'address': 'Kattjahren 4, 22359 Hamburg',
      'lat': 53.651913,
      'lon': 10.162925,
      'status': 'charging',
      'timestamp': '2022-05-17T15:53:56.726Z',
    }),
    dict({
      'address': 'Hallerstraße 85, 20149 Hamburg',
      'lat': 53.57281,
      'lon': 9.99007,
      'status': 'available',
      'timestamp': '2022-05-17T17:25:00.412Z',
    }),
    dict({
      'address': 'E-Ladesäule',
      'lat': 53.56129,
      'lon': 9.99077,
      'status': 'outoforder',
      'timestamp': '2022-01-20T13:38:04.290Z',
    }),
    dict({
      'address': 'Kellinghusenstraße 10, 20249 Hamburg',
      'lat': 53.590674,
      'lon': 9.992296,
      'status': 'charging',
      'timestamp': '2022-05-17T16:02:18.335Z',
    }),
    dict({
      'address': 'Groß Flottbeker Straße 72, 22607 Hamburg',
      'lat': 53.568028,
      'lon': 9.87882,
      'status': 'charging',
      'timestamp': '2022-05-17T17:27:51.339Z',
    }),
    dict({
      'address': 'Johanniswall 6, 20095 Hamburg',
      'lat': 53.5489,
      'lon': 10.00487,
      'status': 'charging',
      'timestamp': '2022-05-17T15:26:54.313Z',
    }),
    dict({
      'address': 'Bürgerweide 72, 20535 Hamburg',
      'lat': 53.558287,
      'lon': 10.03643,
      'status': 'available',
      'timestamp': '2022-05-17T16:39:14.716Z',
    }),
    dict({
      'address': 'Bundesstraße 35, 20146 Hamburg',
      'lat': 53.566112,
      'lon': 9.978813,
      'status': 'available',
      'timestamp': '2022-05-17T17:19:58.511Z',
    }),
    dict({
      'address': 'Seilerstraße 16, 20359 Hamburg',
      'lat': 53.55052,
      'lon': 9.966698,
      'status': 'charging',
      'timestamp': '2022-05-17T15:37:07.032Z',
    }),
    dict({
      'address': 'Lessingstraße 21, 22087 Hamburg',
      'lat': 53.565318,
      'lon': 10.030998,
      'status': 'charging',
      'timestamp': '2022-05-17T14:46:23.081Z',
    }),
    dict({
      'address': 'Drehbahn 13, 20354 Hamburg',
      'lat': 53.55652,
      'lon': 9.98496,
      'status': 'outoforder',
      'timestamp': '2022-05-17T15:15:24.588Z',
    }),
    dict({
      'address': 'Holländische Reihe 27, 22765 Hamburg',
      'lat': 53.54769,
      'lon': 9.92881,
      'status': 'charging',
      'timestamp': '2022-05-17T09:26:20.351Z',
    }),
    dict({
      'address': 'Krochmannstraße 2, 22299 Hamburg',
      'lat': 53.59704,
      'lon': 10.00201,
      'status': 'charging',
      'timestamp': '2022-05-17T16:16:28.115Z',
    }),
    dict({
      'address': 'Sportallee 81, 22335 Hamburg',
      'lat': 53.6176,
      'lon': 10.00038,
      'status': 'available',
      'timestamp': '2022-05-17T16:29:21.587Z',
    }),
    dict({
      'address': 'Wilstorfer Straße 58, 21073 Hamburg',
      'lat': 53.45606,
      'lon': 9.986262,
      'status': 'charging',
      'timestamp': '2022-05-17T16:41:08.034Z',
    }),
    dict({
      'address': 'Schaarsteinweg 4, 20459 Hamburg',
      'lat': 53.54601,
      'lon': 9.98108,
      'status': 'outoforder',
      'timestamp': '2022-01-30T05:34:16.986Z',
    }),
    dict({
      'address': 'Johann-Meyer-Straße 54, 21031 Hamburg',
      'lat': 53.490442,
      'lon': 10.205254,
      'status': 'charging',
      'timestamp': '2022-05-17T16:46:49.994Z',
    }),
    dict({
      'address': 'Mannesallee 28, 21107 Hamburg',
      'lat': 53.51429,
      'lon': 9.98789,
      'status': 'charging',
      'timestamp': '2022-05-17T15:36:32.718Z',
    }),
    dict({
      'address': 'Hohenzollernring 24, 22763 Hamburg',
      'lat': 53.54878,
      'lon': 9.91777,
      'status': 'charging',
      'timestamp': '2022-05-17T14:02:43.427Z',
    }),
    dict({
      'address': 'Englische Planke 16, 20459 Hamburg',
      'lat': 53.5478,
      'lon': 9.97813,
      'status': 'available',
      'timestamp': '2022-02-03T07:02:12.744Z',
    }),
    dict({
      'address': 'Tangstedter Landstraße 83, 22415 Hamburg',
      'lat': 53.65261,
      'lon': 10.01873,
      'status': 'outoforder',
      'timestamp': '2022-04-26T08:47:00.952Z',
    }),
    dict({
      'address': 'Marienthaler Straße 1, 20535 Hamburg',
      'lat': 53.56062,
      'lon': 10.03833,
      'status': 'outoforder',
      'timestamp': '2022-01-20T08:03:16.863Z',
    }),
    dict({
      'address': 'Steintwiete 18, 20459 Hamburg',
      'lat': 53.546486,
      'lon': 9.986622,
      'status': 'charging',
      'timestamp': '2022-05-17T15:55:49.135Z',
    }),
    dict({
      'address': 'Beim Berliner Tor 2, 20099 Hamburg',
      'lat': 53.55314,
      'lon': 10.0236,
      'status': 'outoforder',
      'timestamp': '2020-10-05T14:02:10.182Z',
    }),
  ])
# ---
# name: test_extract_parking_usage
  list([
    Parking(name='Suerhop', utilization='keine Auslastungsdaten', lat='556953.049', lon='5907758.496'),
    Parking(name='Dahlenburg', utilization='keine Auslastungsdaten', lat='614231.140', lon='5892511.931'),
    Parking(name='Ruschwedel', utilization='keine Auslastungsdaten', lat='537150.624', lon='5922105.632'),
    Parking(name='Echem', utilization='keine Auslastungsdaten', lat='602325.892', lon='5910875.953'),
    Parking(name='Tanneneck', utilization='keine Auslastungsdaten', lat='562189.448', lon='5956733.511'),
    Parking(name='Holstentherme', utilization='keine Auslastungsdaten', lat='562227.225', lon='5966042.942'),
    Parking(name='Kaltenkirchen Süd', utilization='keine Auslastungsdaten', lat='564064.111', lon='5964294.821'),
    Parking(name='dodenhof', utilization='keine Auslastungsdaten', lat='561726.303', lon='5966626.038'),
    Parking(name='Quickborner Straße', utilization='keine Auslastungsdaten', lat='565274.514', lon='5954415.906'),
    Parking(name='Richtweg', utilization='keine Auslastungsdaten', lat='565389.243', lon='5950128.304'),
    Parking(name='Haslohfurth', utilization='keine Auslastungsdaten', lat='565098.878', lon='5955528.655'),
    Parking(name='Alsterhaus', utilization='frei', lat='565703.765', lon='5934210.671'),
    Parking(name='Am Hauptbahnhof', utilization='frei', lat='566880.910', lon='5934455.780'),
    Parking(name='Bavaria Office', utilization='keine Auslastungsdaten', lat='564049.209', lon='5933656.001'),
    Parking(name='Berliner Tor', utilization='keine Auslastungsdaten', lat='567679.088', lon='5934684.581'),
    Parking(name='Billstedt Center Hamburg', utilization='keine Auslastungsdaten', lat='573152.752', lon='5932948.612'),
    Parking(name='Parkhaus Stadthöfe (Bleichenhof)', utilization='nahezu belegt', lat='565365.871', lon='5934125.564'),
    Parking(name='Radison Blu', utilization='no_data', lat='565423.158', lon='5935148.839'),
    Parking(name='Deichtorhallen', utilization='frei', lat='566587.504', lon='5933580.784'),
    Parking(name='Deutsch Japanisches Zentrum', utilization='belegt', lat='565271.329', lon='5934043.046'),
    Parking(name='Elbphilharmonie', utilization='frei', lat='565261.142', lon='5932940.259'),
    Parking(name='Europa-Passage', utilization='frei', lat='566030.278', lon='5934134.995'),
    Parking(name='Fleethof', utilization='keine Auslastungsdaten', lat='565303.056', lon='5933939.457'),
    Parking(name='City-Parkhaus', utilization='frei', lat='566301.343', lon='5934248.285'),
    Parking(name='Große Reichenstraße', utilization='frei', lat='566010.714', lon='5933731.109'),
    Parking(name='Gänsemarkt', utilization='frei', lat='565368.320', lon='5934747.159'),
    Parking(name='Hafentor', utilization='frei', lat='564477.494', lon='5933352.515'),
    Parking(name='Hanse-Viertel', utilization='frei', lat='565418.176', lon='5934315.356'),
    Parking(name='Hanseatic Trade Center', utilization='keine Auslastungsdaten', lat='565146.452', lon='5933068.834'),
    Parking(name='Holzdamm / Ibis', utilization='frei', lat='566557.509', lon='5934645.053'),
    Parking(name='Hühnerposten', utilization='keine Auslastungsdaten', lat='566770.419', lon='5933841.024'),
    Parking(name='Karstadt Mönckebergstraße', utilization='nahezu belegt', lat='566090.447', lon='5934060.839'),
    Parking(name='Kaufhof (Galeria Kaufhof)', utilization='frei', lat='566560.848', lon='5933998.538'),
    Parking(name='Saturn', utilization='frei', lat='566608.195', lon='5933991.089'),
    Parking(name='Kunsthalle', utilization='frei', lat='566349.929', lon='5934592.153'),
    Parking(name='Madison', utilization='frei', lat='565038.596', lon='5933504.501'),
    Parking(name='Marriott', utilization='frei', lat='565363.112', lon='5934451.189'),
    Parking(name='Messe-Mitte', utilization='nahezu belegt', lat='564497.402', lon='5935112.952'),
    Parking(name='Messe-Ost', utilization='frei', lat='564918.610', lon='5934989.614'),
    Parking(name='Michel-Garage', utilization='frei', lat='564805.417', lon='5933513.660'),
    Parking(name='Millerntor', utilization='frei', lat='564120.121', lon='5933949.601'),
    Parking(name='Neues Steintor', utilization='keine Auslastungsdaten', lat='567560.340', lon='5934162.238'),
    Parking(name='Nomis Quartier', utilization='keine Auslastungsdaten', lat='563972.699', lon='5934017.052'),
    Parking(name='Reeperbahn-Garagen (Spielbudenplatz)', utilization='frei', lat='564061.102', lon='5933861.027'),
    Parking(name='Rödingsmarkt', utilization='frei', lat='565281.345', lon='5933551.459'),
    Parking(name='Speicherstadt', utilization='frei', lat='565888.774', lon='5933197.991'),
    Parking(name='Überseequartier Nord', utilization='frei', lat='566094.120', lon='5932981.960'),
    Parking(name='Bahnhof Altona', utilization='frei', lat='561882.766', lon='5934196.861'),
    Parking(name='Blankenese P1', utilization='keine Auslastungsdaten', lat='553909.665', lon='5935367.151'),
    Parking(name='Elbe Einkaufszentrum (EEZ)', utilization='keine Auslastungsdaten', lat='556868.979', lon='5936115.474'),
    Parking(name='Hahnenkamp (Mercado)', utilization='no_data', lat='561829.462', lon='5934221.389'),
    Parking(name='Holzhafen', utilization='keine Auslastungsdaten', lat='562468.985', lon='5933223.841'),
    Parking(name='Neue Flora', utilization='keine Auslastungsdaten', lat='562898.701', lon='5935312.008'),
    Parking(name='Neues Forum', utilization='keine Auslastungsdaten', lat='562389.431', lon='5934010.327'),
    Parking(name='Othmarschen Park', utilization='keine Auslastungsdaten', lat='559700.124', lon='5934757.247'),
    Parking(name='Schillerstraße (CCA)', utilization='keine Auslastungsdaten', lat='562178.010', lon='5933946.944'),
    Parking(name='Stadtlagerhaus', utilization='keine Auslastungsdaten', lat='562938.322', lon='5933237.774'),
    Parking(name='Parkplatz blau', utilization='keine Auslastungsdaten', lat='559629.689', lon='5938226.535'),
    Parking(name='Parkplatz braun', utilization='keine Auslastungsdaten', lat='560533.562', lon='5937478.938'),
    Parking(name='Parkplatz gelb', utilization='keine Auslastungsdaten', lat='559843.129', lon='5937916.075'),
    Parking(name='Parkplatz grau', utilization='keine Auslastungsdaten', lat='559536.813', lon='5938413.069'),
    Parking(name='Parkplatz grün', utilization='keine Auslastungsdaten', lat='558479.119', lon='5937289.969'),
    Parking(name='Parkplatz rot', utilization='keine Auslastungsdaten', lat='559357.203', lon='5938142.313'),
    Parking(name='Parkplatz weiß', utilization='keine Auslastungsdaten', lat='559699.124', lon='5937938.263'),
    Parking(name='Hagenbecks Tierpark', utilization='keine Auslastungsdaten', lat='562384.378', lon='5938906.507'),
    Parking(name='Karstadt Eimsbüttel', utilization='keine Auslastungsdaten', lat='563081.918', lon='5936669.274'),
    Parking(name='Tibarg Center', utilization='keine Auslastungsdaten', lat='562933.387', lon='5942011.758'),
    Parking(name='EKZ Nedderfeld', utilization='keine Auslastungsdaten', lat='564555.437', lon='5939581.458'),
    Parking(name='Facharztklinik', utilization='keine Auslastungsdaten', lat='564408.765', lon='5938139.032'),
    Parking(name='Hamburger Meile', utilization='keine Auslastungsdaten', lat='568426.575', lon='5936762.169'),
    Parking(name='Hamburger Meile', utilization='keine Auslastungsdaten', lat='568080.937', lon='5936381.337'),
    Parking(name='Hamburger Meile', utilization='keine Auslastungsdaten', lat='568455.867', lon='5936763.958'),
    Parking(name='Marie-Jonas-Platz', utilization='keine Auslastungsdaten', lat='565205.591', lon='5938399.476'),
    Parking(name='Mundsburg Center', utilization='keine Auslastungsdaten', lat='568080.773', lon='5936381.518'),
    Parking(name='Uniklinik Eppendorf', utilization='keine Auslastungsdaten', lat='564474.220', lon='5938376.744'),
    Parking(name='Winterhuder Markt', utilization='keine Auslastungsdaten', lat='566212.850', lon='5938822.525'),
    Parking(name='Alstertal Einkaufszentrum (AEZ) Ost', utilization='no_data', lat='572222.801', lon='5945742.402'),
    Parking(name='EKZ Tonndorf', utilization='keine Auslastungsdaten', lat='574603.627', lon='5938171.832'),
    Parking(name='Friedrich-Ebert-Damm', utilization='keine Auslastungsdaten', lat='572302.384', lon='5938062.787'),
    Parking(name='Heegbarg', utilization='keine Auslastungsdaten', lat='572278.133', lon='5945500.156'),
    Parking(name='Karstadt Wandsbek Parkhaus 1', utilization='keine Auslastungsdaten', lat='570560.170', lon='5936498.236'),
    Parking(name='Rahlstedt', utilization='keine Auslastungsdaten', lat='576523.389', lon='5940055.470'),
    Parking(name='Smart City', utilization='keine Auslastungsdaten', lat='572630.168', lon='5938285.521'),
    Parking(name='CCB Einkaufzentrum', utilization='besetzt', lat='580096.399', lon='5927306.289'),
    Parking(name='CCB Fachmarktzentrum', utilization='frei', lat='580021.818', lon='5927143.070'),
    Parking(name='Marktkauf-Center Bergedorf', utilization='frei', lat='580008.559', lon='5927662.043'),
    Parking(name='H4 Hotel', utilization='keine Auslastungsdaten', lat='580242.062', lon='5927096.614'),
    Parking(name='Sachsentor', utilization='frei', lat='580568.167', lon='5927255.326'),
    Parking(name='Sander Markt', utilization='keine Auslastungsdaten', lat='580140.208', lon='5927957.480'),
    Parking(name='Frascatiplatz', utilization='keine Auslastungsdaten', lat='580393.900', lon='5926753.096'),
    Parking(name='Lohbrügger Marktplatz', utilization='keine Auslastungsdaten', lat='580095.257', lon='5928151.910'),
    Parking(name='City Galerie', utilization='frei', lat='565280.390', lon='5923855.885'),
    Parking(name='Harburg Arcaden', utilization='frei', lat='565134.917', lon='5923945.608'),
    Parking(name='Harburg Carree', utilization='frei', lat='565352.114', lon='5923493.270'),
    Parking(name='Harburg Center', utilization='keine Auslastungsdaten', lat='565406.413', lon='5923738.917'),
    Parking(name='Buxtehuder Straße/Karstadt', utilization='frei', lat='565349.765', lon='5924157.652'),
    Parking(name='Krummholzberg', utilization='frei', lat='565235.478', lon='5923633.848'),
    Parking(name='Marktkauf-Center Harburg', utilization='frei', lat='565457.344', lon='5923814.142'),
    Parking(name='Phoenix Center', utilization='frei', lat='565561.562', lon='5923385.575'),
    Parking(name='Veritaskai', utilization='keine Auslastungsdaten', lat='565565.488', lon='5924528.953'),
    Parking(name='Parkplatz Cruise Center', utilization='keine Auslastungsdaten', lat='562156.474', lon='5933186.142'),
    Parking(name='Marktplatz-Galerie Bramfeld', utilization='keine Auslastungsdaten', lat='571193.019', lon='5940885.092'),
    Parking(name='Langenhorner Chaussee 365', utilization='keine Auslastungsdaten', lat='0', lon='0'),
    Parking(name='Rindermarkthalle', utilization='keine Auslastungsdaten', lat='564111.645', lon='5934645.697'),
    Parking(name='Ottensen', utilization='keine Auslastungsdaten', lat='561501.516', lon='5934213.841'),
    Parking(name='Falkenried', utilization='keine Auslastungsdaten', lat='564646.391', lon='5937163.015'),
    Parking(name='Elbarkaden', utilization='belegt', lat='566351.711', lon='5933086.657'),
    Parking(name='W 1', utilization='keine Auslastungsdaten', lat='570221.317', lon='5936367.804'),
    Parking(name='Karstadt Wandsbek Parkhaus 2', utilization='keine Auslastungsdaten', lat='570666.101', lon='5936619.598'),
    Parking(name='Tanzende Türme', utilization='keine Auslastungsdaten', lat='564141.647', lon='5933834.997'),
    Parking(name='Hansa- Theater', utilization='keine Auslastungsdaten', lat='566950.179', lon='5934356.264'),
    Parking(name='Harburg Bahnhof', utilization='keine Auslastungsdaten', lat='565771.398', lon='5923403.977'),
    Parking(name='Rahlstedt', utilization='keine Auslastungsdaten', lat='576546.751', lon='5940128.441'),
    Parking(name='Hühnerposten', utilization='keine Auslastungsdaten', lat='566825.898', lon='5933874.362'),
    Parking(name='Alstertal Einkaufszentrum (AEZ) Mitte', utilization='frei', lat='572184.883', lon='5945524.035'),
    Parking(name='Alstertal Einkaufszentrum (AEZ) West', utilization='frei', lat='571954.397', lon='5945446.855'),
    Parking(name='Alter Wall / BUCERIUS-Passage', utilization='frei', lat='565643.501', lon='5933975.149'),
    Parking(name='Courtyard by Marriott Hamburg Airport', utilization='keine Auslastungsdaten', lat='566927.463', lon='5943926.470'),
    Parking(name='Parkhaus P1, Ebene 0', utilization='keine Auslastungsdaten', lat='566594.852', lon='5943493.893'),
    Parking(name='Parkhaus P1, Ebene 1-5', utilization='keine Auslastungsdaten', lat='566594.852', lon='5943493.893'),
    Parking(name='Parkhaus P2', utilization='keine Auslastungsdaten', lat='566610.299', lon='5943271.682'),
    Parking(name='Parkhaus P4, Ebene 0', utilization='keine Auslastungsdaten', lat='566629.306', lon='5943068.993'),
    Parking(name='Parkhaus P4, Ebene 1 + 2', utilization='keine Auslastungsdaten', lat='566629.306', lon='5943068.993'),
    Parking(name='Parkhaus P5', utilization='keine Auslastungsdaten', lat='566564.403', lon='5942869.678'),
    Parking(name='Parkhaus P8-9', utilization='keine Auslastungsdaten', lat='566112.043', lon='5941751.597'),
  ])
# ---
